{
  "Value": [
    {
      "Id": 1,
      "Name": "test name 1",
      "Address": "test address 1",
      "Region": "test region 1"
    },
    {
      "Id": 2,
      "Name": "test name 2",
      "Address": "test address 2",
      "Region": "test region 2"
    },
    {
      "Id": 3,
      "Name": "test name 3",
      "Address": "test address 3",
      "Region": "test region 3"
    }
  ],
  "Formatters": [],
  "ContentTypes": [],
  "DeclaredType": null,
  "StatusCode": 200
}
